// Jest Snapshot v1, https://goo.gl/fbAQLP

exports[`<Select /> should match the snapshot 1`] = `
.c0 {
  line-height: 1em;
  height: 20px;
}

<select
  className="c0"
/>
`;
