// Jest Snapshot v1, https://goo.gl/fbAQLP

exports[`<Wrapper /> should match the snapshot 1`] = `
.c0 {
  margin: 2em auto;
  width: 40px;
  height: 40px;
  position: relative;
}

<div
  className="c0"
/>
`;
