// Jest Snapshot v1, https://goo.gl/fbAQLP

exports[`<Ul /> should match the snapshot 1`] = `
.c0 {
  list-style: none;
  margin: 0;
  width: 100%;
  max-height: 30em;
  overflow-y: auto;
  padding: 0 1em;
}

<ul
  className="c0"
/>
`;
