// Jest Snapshot v1, https://goo.gl/fbAQLP

exports[`<Wrapper /> should match the snapshot 1`] = `
.c0 {
  padding: 0;
  margin: 0;
  width: 100%;
  background-color: white;
  border: 1px solid #ccc;
  border-radius: 3px;
  overflow: hidden;
}

<div
  className="c0"
/>
`;
