// Jest Snapshot v1, https://goo.gl/fbAQLP

exports[`<A /> should match the snapshot 1`] = `
.c0 {
  display: inline-block;
  box-sizing: border-box;
  padding: 0.25em 2em;
  -webkit-text-decoration: none;
  text-decoration: none;
  border-radius: 4px;
  -webkit-font-smoothing: antialiased;
  -webkit-touch-callout: none;
  -webkit-user-select: none;
  -moz-user-select: none;
  -ms-user-select: none;
  user-select: none;
  cursor: pointer;
  outline: 0;
  font-family: 'Helvetica Neue',Helvetica,Arial,sans-serif;
  font-weight: bold;
  font-size: 16px;
  border: 2px solid #18aa4c;
  color: #18aa4c;
}

.c0:hover {
  color: #249446;
  border-color: #249446;
}

.c0:active {
  background: #18aa4c;
  color: #fff;
}

<a
  className="c0"
/>
`;
